The following models don't want to load:
2X4
BARREL
BASKET02
CAMPW5
CCGRATE
DRBRIDA1
DRBRIDA2
DR_EXEN1
DR_EXFNT
DR_EXHS1
DR_EXHS2
DR_EXMA
DR_EXPAD
DR_EXPP
DR_EXRB1
DR_EXRB2
DR_EXRB3
DR_EXRB4
DR_EXT1
DR_EXT2A
DR_EXT2B
DR_EXT2C
DR_EXT2D
DR_EXTW1
DR_EXTW2
DR_FIT08
DR_FIT10
DR_FIT11
DR_FIT13
DR_FIT14
DR_FIT15
DR_FIT16
DR_LFARO
DR_RTARO
DR_STATU
DR_SWOR1
DRWALL1
DRWALL2
DRWALL3
DRWALL4
DRWALL5
DRWALL6
DRWALLR1
DRWALLR2
GANGWAY
GYPWHEEL
HBGATE
HBGATE1
HBGATE2
HBJUMP02
HBLINE01
HBWALL02
HBWALL05
HBWALL06
HBWALL07
HBWALL08
HBWALL09
HBWALL10
HUNDING
HUNDWL01
JAILFR00
JC_WAL00
JC_WAL0A
JC_WATER
LANTERN4
MKBLG2
MKBLG3A
MKBLG4
MKCARP1
MKCARP2
MKCRATE1
MKROPE1
NC_ROPE
NC_ROPEK
OB_EXT01
OB_EXT02
OB_EXT10
OQGATE01
OQGATE02
OQGATE03
OQGATE04
OQGATE05
PALMTR01
PALMTR02
PEBGDOR0
PEBGDOR1
PELEVER0
PELEVER1
PELEVER2
PELEVER3
PELEVER4
PELIFT03
PESTABLE
PEWELL00
PLCENTER
PLPOOL
PLPOOL2
PLWLKFB
PLWLKRL
SH_PILA
SH_PILB
SH_PILC
SH_TOP1
SH_TOP2
STAND
STBLG02
TSBLG02
TSBLG07
TSSBLG01
TWNGATE1
TWNGATE2
TWNGATE3
TWNGATE4
TWNGATE5
TWNGATE6
TWNGATE7
TWNGATE8
TWNGATE9
WELL01
WGWHEEL

